EASTPORT_PASSAMAQUODDY_BAY	8410140	44.90	-66.98
BAR_HARBOR_FRENCHMAN_BAY	8413320	44.39	-68.20
PORTLAND_CASCO_BAY	8418150	43.66	-70.24
BOSTON_BOSTON_HARBOR	8443970	42.35	-71.05
WOODS_HOLE_BUZZARDS_BAY	8447930	41.52	-70.67
NANTUCKET_ISLAND_NANTUCKET_SOUND	8449130	41.28	-70.10
NEW_LONDON_THAMES_RIVER	8461490	41.37	-72.10
BRIDGEPORT_BRIDGEPORT_HARBOR	8467150	41.18	-73.18
MONTAUK_FORT_POND_BAY	8510560	41.05	-71.96
KINGS_POINT_LONG_ISLAND_SOUND	8516945	40.81	-73.76
THE_BATTERY_NEW_YORK_HARBOR	8518750	40.70	-74.01
SANDY_HOOK	8531680	40.47	-74.01
ATLANTIC_CITY_ATLANTIC_OCEAN	8534720	39.36	-74.42
CAPE_MAY_CAPE_MAY_CANAL_DELAWARE_BAY	8536110	38.97	-74.96
REEDY_POINT_C_D_CANAL	8551910	39.56	-75.57
LEWES_FT_MILES	8557380	38.78	-75.12
OCEAN_CITY_INLET	8570283	38.33	-75.09
BALTIMORE_FORT_MCHENRY_PATAPSCO_RIVER	8574680	39.27	-76.58
LEWISETTA_POTOMAC_RIVER	8635750	38.00	-76.46
CBBT_CHESAPEAKE_CHANNEL	8638901	37.03	-76.08
DUCK_FRF_PIER	8651370	36.18	-75.75
BEAUFORT_DUKE_MARINE_LAB	8656483	34.72	-76.67
WRIGHTSVILLE_BEACH	8658163	34.21	-77.79
SPRINGMAID_PIER_ATLANTIC_OCEAN	8661070	33.65	-78.92
CHARLESTON_COOPER_RIVER_ENTRANCE	8665530	32.78	-79.92
FORT_PULASKI_SAVANNAH_RIVER	8670870	32.03	-80.90
FERNANDINA_BEACH_AMELIA_RIVER	8720030	30.67	-81.47
BAR_PILOTS_DOCK_ST_JOHNS_RIVER	8720218	30.40	-81.43
TRIDENT_PIER_PORT_CANAVERAL	8721604	28.42	-80.59
LAKE_WORTH_PIER_ATLANTIC_OCEAN	8722670	26.61	-80.03
VIRGINIA_KEY_BISCAYNE_BAY	8723214	25.73	-80.16
VACA_KEY_FLORIDA_BAY	8723970	24.71	-81.11
KEY_WEST	8724580	24.56	-81.81
NAPLES	8725110	26.13	-81.81
ST_PETERSBURG_TAMPA_BAY	8726520	27.76	-82.63
CEDAR_KEY	8727520	29.14	-83.03
PANAMA_CITY_ST_ANDREW_BAY	8729108	30.15	-85.66
PENSACOLA_PENSACOLA_BAY	8729840	30.40	-87.21
DAUPHIN_ISLAND_MOBILE_BAY	8735180	30.25	-88.07
BAY_WAVELAND_YACHT_CLUB_BAY_ST_LOUIS	8747437	30.33	-89.33
SHELL_BEACH_LAKE_BORGNE	8761305	29.87	-89.67
GRAND_ISLE_EAST_POINT	8761724	29.26	-89.96
CALCASIEU_PASS_EAST_JETTY	8768094	29.77	-93.34
TEXAS_POINT_SABINE_PASS	8770822	29.69	-93.84
FREEPORT_HARBOR	8772471	28.94	-95.29
ROCKPORT_ARANSAS_BAY	8774770	28.02	-97.05
BOB_HALL_PIER_CORPUS_CHRISTI	8775870	27.58	-97.22
PORT_ISABEL_LAGUNA_MADRE	8779770	26.06	-97.22
